{
    "test_server": {
        "name": "test_server",
        "ip_addr": "127.0.0.1",
        "working_dir": "{{.}}"
    }
}